======================================================================
Experiment 1 (Star near-field): FULL TRAINING FROM SCRATCH
======================================================================
Run Phase 1: Adam
Adam Iter     0: Loss = 0.80402887 (Interior = 0.00804029, BC_x = 0.00000000, BC_y = 0.00000000)
           Test Loss = 0.80662835 (Interior = 0.00806628, BC_x = 0.00000000, BC_y = 0.00000000)
Adam Iter   100: Loss = 0.49714482 (Interior = 0.00497145, BC_x = 0.00000000, BC_y = 0.00000000)
           Test Loss = 0.47784895 (Interior = 0.00477849, BC_x = 0.00000000, BC_y = 0.00000000)
Adam Iter   200: Loss = 0.12394837 (Interior = 0.00123948, BC_x = 0.00000000, BC_y = 0.00000000)
           Test Loss = 0.13287491 (Interior = 0.00132875, BC_x = 0.00000000, BC_y = 0.00000000)
Adam Iter   300: Loss = 0.10295048 (Interior = 0.00102950, BC_x = 0.00000000, BC_y = 0.00000000)
           Test Loss = 0.09938592 (Interior = 0.00099386, BC_x = 0.00000000, BC_y = 0.00000000)
Adam Iter   400: Loss = 0.09164798 (Interior = 0.00091648, BC_x = 0.00000000, BC_y = 0.00000000)
           Test Loss = 0.09108929 (Interior = 0.00091089, BC_x = 0.00000000, BC_y = 0.00000000)
Adam Iter   500: Loss = 0.08390625 (Interior = 0.00083906, BC_x = 0.00000000, BC_y = 0.00000000)
           Test Loss = 0.08576847 (Interior = 0.00085768, BC_x = 0.00000000, BC_y = 0.00000000)
Adam Iter   600: Loss = 0.07597239 (Interior = 0.00075972, BC_x = 0.00000000, BC_y = 0.00000000)
           Test Loss = 0.07717106 (Interior = 0.00077171, BC_x = 0.00000000, BC_y = 0.00000000)
Adam Iter   700: Loss = 0.10728095 (Interior = 0.00107281, BC_x = 0.00000000, BC_y = 0.00000000)
           Test Loss = 0.07915766 (Interior = 0.00079158, BC_x = 0.00000000, BC_y = 0.00000000)
Adam Iter   800: Loss = 0.06242085 (Interior = 0.00062421, BC_x = 0.00000000, BC_y = 0.00000000)
           Test Loss = 0.06231825 (Interior = 0.00062318, BC_x = 0.00000000, BC_y = 0.00000000)
Adam Iter   900: Loss = 0.05509130 (Interior = 0.00055091, BC_x = 0.00000000, BC_y = 0.00000000)
           Test Loss = 0.05568806 (Interior = 0.00055688, BC_x = 0.00000000, BC_y = 0.00000000)
Run Phase 2: Adam
Adam Iter     0: Loss = 0.05672562 (Interior = 0.00056726, BC_x = 0.00000000, BC_y = 0.00000000)
           Test Loss = 0.05149491 (Interior = 0.00051495, BC_x = 0.00000000, BC_y = 0.00000000)
Adam Iter   100: Loss = 0.04939057 (Interior = 0.00049391, BC_x = 0.00000000, BC_y = 0.00000000)
           Test Loss = 0.04501889 (Interior = 0.00045019, BC_x = 0.00000000, BC_y = 0.00000000)
Adam Iter   200: Loss = 0.04714775 (Interior = 0.00047148, BC_x = 0.00000000, BC_y = 0.00000000)
           Test Loss = 0.04347632 (Interior = 0.00043476, BC_x = 0.00000000, BC_y = 0.00000000)
Adam Iter   300: Loss = 0.04514570 (Interior = 0.00045146, BC_x = 0.00000000, BC_y = 0.00000000)
           Test Loss = 0.04191189 (Interior = 0.00041912, BC_x = 0.00000000, BC_y = 0.00000000)
Adam Iter   400: Loss = 0.04347473 (Interior = 0.00043475, BC_x = 0.00000000, BC_y = 0.00000000)
           Test Loss = 0.04057114 (Interior = 0.00040571, BC_x = 0.00000000, BC_y = 0.00000000)
Adam Iter   500: Loss = 0.04204692 (Interior = 0.00042047, BC_x = 0.00000000, BC_y = 0.00000000)
           Test Loss = 0.03963954 (Interior = 0.00039640, BC_x = 0.00000000, BC_y = 0.00000000)
Adam Iter   600: Loss = 0.04067632 (Interior = 0.00040676, BC_x = 0.00000000, BC_y = 0.00000000)
           Test Loss = 0.03845297 (Interior = 0.00038453, BC_x = 0.00000000, BC_y = 0.00000000)
Adam Iter   700: Loss = 0.03946086 (Interior = 0.00039461, BC_x = 0.00000000, BC_y = 0.00000000)
           Test Loss = 0.03743356 (Interior = 0.00037434, BC_x = 0.00000000, BC_y = 0.00000000)
Adam Iter   800: Loss = 0.03812199 (Interior = 0.00038122, BC_x = 0.00000000, BC_y = 0.00000000)
           Test Loss = 0.03631319 (Interior = 0.00036313, BC_x = 0.00000000, BC_y = 0.00000000)
Adam Iter   900: Loss = 0.03664377 (Interior = 0.00036644, BC_x = 0.00000000, BC_y = 0.00000000)
           Test Loss = 0.03516809 (Interior = 0.00035168, BC_x = 0.00000000, BC_y = 0.00000000)
Adam Iter  1000: Loss = 0.03525320 (Interior = 0.00035253, BC_x = 0.00000000, BC_y = 0.00000000)
           Test Loss = 0.03382862 (Interior = 0.00033829, BC_x = 0.00000000, BC_y = 0.00000000)
Adam Iter  1100: Loss = 0.03377780 (Interior = 0.00033778, BC_x = 0.00000000, BC_y = 0.00000000)
           Test Loss = 0.03244353 (Interior = 0.00032444, BC_x = 0.00000000, BC_y = 0.00000000)
Adam Iter  1200: Loss = 0.03232439 (Interior = 0.00032324, BC_x = 0.00000000, BC_y = 0.00000000)
           Test Loss = 0.03118576 (Interior = 0.00031186, BC_x = 0.00000000, BC_y = 0.00000000)
Adam Iter  1300: Loss = 0.03097728 (Interior = 0.00030977, BC_x = 0.00000000, BC_y = 0.00000000)
           Test Loss = 0.02998156 (Interior = 0.00029982, BC_x = 0.00000000, BC_y = 0.00000000)
Adam Iter  1400: Loss = 0.02956268 (Interior = 0.00029563, BC_x = 0.00000000, BC_y = 0.00000000)
           Test Loss = 0.02878736 (Interior = 0.00028787, BC_x = 0.00000000, BC_y = 0.00000000)
Adam Iter  1500: Loss = 0.02819194 (Interior = 0.00028192, BC_x = 0.00000000, BC_y = 0.00000000)
           Test Loss = 0.02756658 (Interior = 0.00027567, BC_x = 0.00000000, BC_y = 0.00000000)
Adam Iter  1600: Loss = 0.02677674 (Interior = 0.00026777, BC_x = 0.00000000, BC_y = 0.00000000)
           Test Loss = 0.02644482 (Interior = 0.00026445, BC_x = 0.00000000, BC_y = 0.00000000)
Adam Iter  1700: Loss = 0.02555854 (Interior = 0.00025559, BC_x = 0.00000000, BC_y = 0.00000000)
           Test Loss = 0.02537698 (Interior = 0.00025377, BC_x = 0.00000000, BC_y = 0.00000000)
Adam Iter  1800: Loss = 0.02447198 (Interior = 0.00024472, BC_x = 0.00000000, BC_y = 0.00000000)
           Test Loss = 0.02433703 (Interior = 0.00024337, BC_x = 0.00000000, BC_y = 0.00000000)
Adam Iter  1900: Loss = 0.02341047 (Interior = 0.00023410, BC_x = 0.00000000, BC_y = 0.00000000)
           Test Loss = 0.02366398 (Interior = 0.00023664, BC_x = 0.00000000, BC_y = 0.00000000)
Run Phase 3: LBFGS
LBFGS Iter   100: Loss = 0.01669492 Test Loss = 0.01715813 (Interior = 0.00017158, BC_x = 0.00000000, BC_y = 0.00000000)
LBFGS Iter   200: Loss = 0.01257966 Test Loss = 0.01224573 (Interior = 0.00012246, BC_x = 0.00000000, BC_y = 0.00000000)
LBFGS Iter   300: Loss = 0.00960408 Test Loss = 0.00935878 (Interior = 0.00009359, BC_x = 0.00000000, BC_y = 0.00000000)
LBFGS Iter   400: Loss = 0.00738836 Test Loss = 0.00675993 (Interior = 0.00006760, BC_x = 0.00000000, BC_y = 0.00000000)
LBFGS Iter   500: Loss = 0.00580536 Test Loss = 0.00542678 (Interior = 0.00005427, BC_x = 0.00000000, BC_y = 0.00000000)
LBFGS Iter   600: Loss = 0.00476635 Test Loss = 0.00343746 (Interior = 0.00003437, BC_x = 0.00000000, BC_y = 0.00000000)
LBFGS Iter   700: Loss = 0.00390786 Test Loss = 0.00278447 (Interior = 0.00002784, BC_x = 0.00000000, BC_y = 0.00000000)
LBFGS Iter   800: Loss = 0.00321071 Test Loss = 0.00236897 (Interior = 0.00002369, BC_x = 0.00000000, BC_y = 0.00000000)
LBFGS Iter   900: Loss = 0.00254624 Test Loss = 0.00187215 (Interior = 0.00001872, BC_x = 0.00000000, BC_y = 0.00000000)
LBFGS Iter  1000: Loss = 0.00218046 Test Loss = 0.00182768 (Interior = 0.00001828, BC_x = 0.00000000, BC_y = 0.00000000)
LBFGS Iter  1100: Loss = 0.00188263 Test Loss = 0.00146367 (Interior = 0.00001464, BC_x = 0.00000000, BC_y = 0.00000000)
LBFGS Iter  1200: Loss = 0.00164394 Test Loss = 0.00118757 (Interior = 0.00001188, BC_x = 0.00000000, BC_y = 0.00000000)
LBFGS Iter  1300: Loss = 0.00148063 Test Loss = 0.00112380 (Interior = 0.00001124, BC_x = 0.00000000, BC_y = 0.00000000)
LBFGS Iter  1400: Loss = 0.00132027 Test Loss = 0.00098237 (Interior = 0.00000982, BC_x = 0.00000000, BC_y = 0.00000000)
LBFGS Iter  1500: Loss = 0.00119996 Test Loss = 0.00078231 (Interior = 0.00000782, BC_x = 0.00000000, BC_y = 0.00000000)
LBFGS Iter  1600: Loss = 0.00108925 Test Loss = 0.00078203 (Interior = 0.00000782, BC_x = 0.00000000, BC_y = 0.00000000)
LBFGS Iter  1700: Loss = 0.00100080 Test Loss = 0.00070105 (Interior = 0.00000701, BC_x = 0.00000000, BC_y = 0.00000000)
LBFGS Iter  1800: Loss = 0.00091331 Test Loss = 0.00062867 (Interior = 0.00000629, BC_x = 0.00000000, BC_y = 0.00000000)
LBFGS Iter  1900: Loss = 0.00083772 Test Loss = 0.00046726 (Interior = 0.00000467, BC_x = 0.00000000, BC_y = 0.00000000)
LBFGS Iter  2000: Loss = 0.00078768 Test Loss = 0.00046176 (Interior = 0.00000462, BC_x = 0.00000000, BC_y = 0.00000000)
Run Phase 4: LBFGS
LBFGS Iter   100: Loss = 0.00076984 Test Loss = 0.00048423 (Interior = 0.00000484, BC_x = 0.00000000, BC_y = 0.00000000)
LBFGS Iter   200: Loss = 0.00074343 Test Loss = 0.00045623 (Interior = 0.00000456, BC_x = 0.00000000, BC_y = 0.00000000)
LBFGS Iter   300: Loss = 0.00072173 Test Loss = 0.00044160 (Interior = 0.00000442, BC_x = 0.00000000, BC_y = 0.00000000)
LBFGS Iter   400: Loss = 0.00070492 Test Loss = 0.00044058 (Interior = 0.00000441, BC_x = 0.00000000, BC_y = 0.00000000)
LBFGS Iter   500: Loss = 0.00068343 Test Loss = 0.00041439 (Interior = 0.00000414, BC_x = 0.00000000, BC_y = 0.00000000)
LBFGS Iter   600: Loss = 0.00066121 Test Loss = 0.00038998 (Interior = 0.00000390, BC_x = 0.00000000, BC_y = 0.00000000)
LBFGS Iter   700: Loss = 0.00064139 Test Loss = 0.00036775 (Interior = 0.00000368, BC_x = 0.00000000, BC_y = 0.00000000)
LBFGS Iter   800: Loss = 0.00062329 Test Loss = 0.00037355 (Interior = 0.00000374, BC_x = 0.00000000, BC_y = 0.00000000)
LBFGS Iter   900: Loss = 0.00060072 Test Loss = 0.00034502 (Interior = 0.00000345, BC_x = 0.00000000, BC_y = 0.00000000)
LBFGS Iter  1000: Loss = 0.00058005 Test Loss = 0.00033674 (Interior = 0.00000337, BC_x = 0.00000000, BC_y = 0.00000000)
LBFGS Iter  1100: Loss = 0.00055825 Test Loss = 0.00034263 (Interior = 0.00000343, BC_x = 0.00000000, BC_y = 0.00000000)
LBFGS Iter  1200: Loss = 0.00053537 Test Loss = 0.00032734 (Interior = 0.00000327, BC_x = 0.00000000, BC_y = 0.00000000)
LBFGS Iter  1300: Loss = 0.00051829 Test Loss = 0.00030858 (Interior = 0.00000309, BC_x = 0.00000000, BC_y = 0.00000000)
LBFGS Iter  1400: Loss = 0.00050126 Test Loss = 0.00029813 (Interior = 0.00000298, BC_x = 0.00000000, BC_y = 0.00000000)
LBFGS Iter  1500: Loss = 0.00048196 Test Loss = 0.00028105 (Interior = 0.00000281, BC_x = 0.00000000, BC_y = 0.00000000)
LBFGS Iter  1600: Loss = 0.00046288 Test Loss = 0.00026289 (Interior = 0.00000263, BC_x = 0.00000000, BC_y = 0.00000000)
LBFGS Iter  1700: Loss = 0.00044454 Test Loss = 0.00025064 (Interior = 0.00000251, BC_x = 0.00000000, BC_y = 0.00000000)
LBFGS Iter  1800: Loss = 0.00042902 Test Loss = 0.00023836 (Interior = 0.00000238, BC_x = 0.00000000, BC_y = 0.00000000)
LBFGS Iter  1900: Loss = 0.00041462 Test Loss = 0.00023277 (Interior = 0.00000233, BC_x = 0.00000000, BC_y = 0.00000000)
LBFGS Iter  2000: Loss = 0.00040248 Test Loss = 0.00022343 (Interior = 0.00000223, BC_x = 0.00000000, BC_y = 0.00000000)

Final Test Losses:
Total = 0.00021595, Interior = 0.00000216, BC_x = 0.00000000, BC_y = 0.00000000
Saved model -> reproduced_models/star_flat-top-nearfield_model.pth
Saved results/exp1_star_nearfield_phase.png
Saved results/exp1_star_nearfield_propagation.png

[Exp1 metrics, y=0 cross-section]
  LS rescale factor: 1.0100
  RMS error: 7.819082e-03
  Relative RMS: 2.453%
