======================================================================
Experiment 3 (DT near-field): FULL TRAINING FROM SCRATCH
======================================================================
Run Phase 1: Adam
Adam Iter     0: Loss = 2.80892491 (Interior = 0.02808925, BC_x = 0.00000000, BC_y = 0.00000000)
           Test Loss = 2.80207300 (Interior = 0.02802073, BC_x = 0.00000000, BC_y = 0.00000000)
Adam Iter   100: Loss = 1.25682890 (Interior = 0.01256829, BC_x = 0.00000000, BC_y = 0.00000000)
           Test Loss = 1.25121677 (Interior = 0.01251217, BC_x = 0.00000000, BC_y = 0.00000000)
Adam Iter   200: Loss = 0.55302113 (Interior = 0.00553021, BC_x = 0.00000000, BC_y = 0.00000000)
           Test Loss = 0.55119389 (Interior = 0.00551194, BC_x = 0.00000000, BC_y = 0.00000000)
Adam Iter   300: Loss = 0.16870810 (Interior = 0.00168708, BC_x = 0.00000000, BC_y = 0.00000000)
           Test Loss = 0.16427799 (Interior = 0.00164278, BC_x = 0.00000000, BC_y = 0.00000000)
Adam Iter   400: Loss = 0.06753138 (Interior = 0.00067531, BC_x = 0.00000000, BC_y = 0.00000000)
           Test Loss = 0.06772903 (Interior = 0.00067729, BC_x = 0.00000000, BC_y = 0.00000000)
Adam Iter   500: Loss = 0.03180327 (Interior = 0.00031803, BC_x = 0.00000000, BC_y = 0.00000000)
           Test Loss = 0.04182214 (Interior = 0.00041822, BC_x = 0.00000000, BC_y = 0.00000000)
Adam Iter   600: Loss = 0.03028323 (Interior = 0.00030283, BC_x = 0.00000000, BC_y = 0.00000000)
           Test Loss = 0.02795916 (Interior = 0.00027959, BC_x = 0.00000000, BC_y = 0.00000000)
Adam Iter   700: Loss = 0.01842621 (Interior = 0.00018426, BC_x = 0.00000000, BC_y = 0.00000000)
           Test Loss = 0.03366448 (Interior = 0.00033664, BC_x = 0.00000000, BC_y = 0.00000000)
Adam Iter   800: Loss = 0.01404526 (Interior = 0.00014045, BC_x = 0.00000000, BC_y = 0.00000000)
           Test Loss = 0.01663438 (Interior = 0.00016634, BC_x = 0.00000000, BC_y = 0.00000000)
Adam Iter   900: Loss = 0.00862556 (Interior = 0.00008626, BC_x = 0.00000000, BC_y = 0.00000000)
           Test Loss = 0.01386244 (Interior = 0.00013862, BC_x = 0.00000000, BC_y = 0.00000000)
Run Phase 2: Adam
Adam Iter     0: Loss = 0.27807409 (Interior = 0.00278074, BC_x = 0.00000000, BC_y = 0.00000000)
           Test Loss = 0.02046944 (Interior = 0.00020469, BC_x = 0.00000000, BC_y = 0.00000000)
Adam Iter   100: Loss = 0.11142709 (Interior = 0.00111427, BC_x = 0.00000000, BC_y = 0.00000000)
           Test Loss = 0.08085494 (Interior = 0.00080855, BC_x = 0.00000000, BC_y = 0.00000000)
Adam Iter   200: Loss = 0.08259009 (Interior = 0.00082590, BC_x = 0.00000000, BC_y = 0.00000000)
           Test Loss = 0.07016008 (Interior = 0.00070160, BC_x = 0.00000000, BC_y = 0.00000000)
Adam Iter   300: Loss = 0.05848999 (Interior = 0.00058490, BC_x = 0.00000000, BC_y = 0.00000000)
           Test Loss = 0.05752017 (Interior = 0.00057520, BC_x = 0.00000000, BC_y = 0.00000000)
Adam Iter   400: Loss = 0.04923779 (Interior = 0.00049238, BC_x = 0.00000000, BC_y = 0.00000000)
           Test Loss = 0.04626222 (Interior = 0.00046262, BC_x = 0.00000000, BC_y = 0.00000000)
Adam Iter   500: Loss = 0.04378018 (Interior = 0.00043780, BC_x = 0.00000000, BC_y = 0.00000000)
           Test Loss = 0.03893713 (Interior = 0.00038937, BC_x = 0.00000000, BC_y = 0.00000000)
Adam Iter   600: Loss = 0.03955385 (Interior = 0.00039554, BC_x = 0.00000000, BC_y = 0.00000000)
           Test Loss = 0.03373397 (Interior = 0.00033734, BC_x = 0.00000000, BC_y = 0.00000000)
Adam Iter   700: Loss = 0.03599447 (Interior = 0.00035994, BC_x = 0.00000000, BC_y = 0.00000000)
           Test Loss = 0.03032644 (Interior = 0.00030326, BC_x = 0.00000000, BC_y = 0.00000000)
Adam Iter   800: Loss = 0.03294073 (Interior = 0.00032941, BC_x = 0.00000000, BC_y = 0.00000000)
           Test Loss = 0.02752197 (Interior = 0.00027522, BC_x = 0.00000000, BC_y = 0.00000000)
Adam Iter   900: Loss = 0.03024521 (Interior = 0.00030245, BC_x = 0.00000000, BC_y = 0.00000000)
           Test Loss = 0.02501021 (Interior = 0.00025010, BC_x = 0.00000000, BC_y = 0.00000000)
Adam Iter  1000: Loss = 0.02771887 (Interior = 0.00027719, BC_x = 0.00000000, BC_y = 0.00000000)
           Test Loss = 0.02189772 (Interior = 0.00021898, BC_x = 0.00000000, BC_y = 0.00000000)
Adam Iter  1100: Loss = 0.02521849 (Interior = 0.00025218, BC_x = 0.00000000, BC_y = 0.00000000)
           Test Loss = 0.01871072 (Interior = 0.00018711, BC_x = 0.00000000, BC_y = 0.00000000)
Adam Iter  1200: Loss = 0.02276335 (Interior = 0.00022763, BC_x = 0.00000000, BC_y = 0.00000000)
           Test Loss = 0.01670273 (Interior = 0.00016703, BC_x = 0.00000000, BC_y = 0.00000000)
Adam Iter  1300: Loss = 0.02024570 (Interior = 0.00020246, BC_x = 0.00000000, BC_y = 0.00000000)
           Test Loss = 0.01538938 (Interior = 0.00015389, BC_x = 0.00000000, BC_y = 0.00000000)
Adam Iter  1400: Loss = 0.01771179 (Interior = 0.00017712, BC_x = 0.00000000, BC_y = 0.00000000)
           Test Loss = 0.01509141 (Interior = 0.00015091, BC_x = 0.00000000, BC_y = 0.00000000)
Adam Iter  1500: Loss = 0.01548487 (Interior = 0.00015485, BC_x = 0.00000000, BC_y = 0.00000000)
           Test Loss = 0.01526631 (Interior = 0.00015266, BC_x = 0.00000000, BC_y = 0.00000000)
Adam Iter  1600: Loss = 0.01365039 (Interior = 0.00013650, BC_x = 0.00000000, BC_y = 0.00000000)
           Test Loss = 0.01516796 (Interior = 0.00015168, BC_x = 0.00000000, BC_y = 0.00000000)
Adam Iter  1700: Loss = 0.01240333 (Interior = 0.00012403, BC_x = 0.00000000, BC_y = 0.00000000)
           Test Loss = 0.01458748 (Interior = 0.00014587, BC_x = 0.00000000, BC_y = 0.00000000)
Adam Iter  1800: Loss = 0.01137249 (Interior = 0.00011372, BC_x = 0.00000000, BC_y = 0.00000000)
           Test Loss = 0.01352700 (Interior = 0.00013527, BC_x = 0.00000000, BC_y = 0.00000000)
Adam Iter  1900: Loss = 0.01059734 (Interior = 0.00010597, BC_x = 0.00000000, BC_y = 0.00000000)
           Test Loss = 0.01266330 (Interior = 0.00012663, BC_x = 0.00000000, BC_y = 0.00000000)
Run Phase 3: L-BFGS
LBFGS Iter   100: Loss = 0.00854788 Test Loss = 0.01020552 (Interior = 0.00010206, BC_x = 0.00000000, BC_y = 0.00000000)
LBFGS Iter   200: Loss = 0.00701352 Test Loss = 0.00780172 (Interior = 0.00007802, BC_x = 0.00000000, BC_y = 0.00000000)
LBFGS Iter   300: Loss = 0.00625791 Test Loss = 0.00629440 (Interior = 0.00006294, BC_x = 0.00000000, BC_y = 0.00000000)
LBFGS Iter   400: Loss = 0.00558324 Test Loss = 0.00558316 (Interior = 0.00005583, BC_x = 0.00000000, BC_y = 0.00000000)
LBFGS Iter   500: Loss = 0.00510060 Test Loss = 0.00591447 (Interior = 0.00005914, BC_x = 0.00000000, BC_y = 0.00000000)
LBFGS Iter   600: Loss = 0.00468343 Test Loss = 0.00530216 (Interior = 0.00005302, BC_x = 0.00000000, BC_y = 0.00000000)
LBFGS Iter   700: Loss = 0.00426689 Test Loss = 0.00526181 (Interior = 0.00005262, BC_x = 0.00000000, BC_y = 0.00000000)
LBFGS Iter   800: Loss = 0.00395740 Test Loss = 0.00540983 (Interior = 0.00005410, BC_x = 0.00000000, BC_y = 0.00000000)
LBFGS Iter   900: Loss = 0.00366637 Test Loss = 0.00489250 (Interior = 0.00004892, BC_x = 0.00000000, BC_y = 0.00000000)
LBFGS Iter  1000: Loss = 0.00339346 Test Loss = 0.00448355 (Interior = 0.00004484, BC_x = 0.00000000, BC_y = 0.00000000)
LBFGS Iter  1100: Loss = 0.00315081 Test Loss = 0.00435889 (Interior = 0.00004359, BC_x = 0.00000000, BC_y = 0.00000000)
LBFGS Iter  1200: Loss = 0.00289757 Test Loss = 0.00404107 (Interior = 0.00004041, BC_x = 0.00000000, BC_y = 0.00000000)
LBFGS Iter  1300: Loss = 0.00264727 Test Loss = 0.00344772 (Interior = 0.00003448, BC_x = 0.00000000, BC_y = 0.00000000)
LBFGS Iter  1400: Loss = 0.00236178 Test Loss = 0.00266643 (Interior = 0.00002666, BC_x = 0.00000000, BC_y = 0.00000000)
LBFGS Iter  1500: Loss = 0.00212651 Test Loss = 0.00234873 (Interior = 0.00002349, BC_x = 0.00000000, BC_y = 0.00000000)
LBFGS Iter  1600: Loss = 0.00193021 Test Loss = 0.00174347 (Interior = 0.00001743, BC_x = 0.00000000, BC_y = 0.00000000)
LBFGS Iter  1700: Loss = 0.00172849 Test Loss = 0.00157404 (Interior = 0.00001574, BC_x = 0.00000000, BC_y = 0.00000000)
LBFGS Iter  1800: Loss = 0.00154901 Test Loss = 0.00163349 (Interior = 0.00001633, BC_x = 0.00000000, BC_y = 0.00000000)
LBFGS Iter  1900: Loss = 0.00141274 Test Loss = 0.00147047 (Interior = 0.00001470, BC_x = 0.00000000, BC_y = 0.00000000)
LBFGS Iter  2000: Loss = 0.00130609 Test Loss = 0.00121029 (Interior = 0.00001210, BC_x = 0.00000000, BC_y = 0.00000000)
LBFGS Iter  2100: Loss = 0.00122187 Test Loss = 0.00141056 (Interior = 0.00001411, BC_x = 0.00000000, BC_y = 0.00000000)
LBFGS Iter  2200: Loss = 0.00114883 Test Loss = 0.00121407 (Interior = 0.00001214, BC_x = 0.00000000, BC_y = 0.00000000)
LBFGS Iter  2300: Loss = 0.00108322 Test Loss = 0.00126900 (Interior = 0.00001269, BC_x = 0.00000000, BC_y = 0.00000000)
LBFGS Iter  2400: Loss = 0.00101464 Test Loss = 0.00108386 (Interior = 0.00001084, BC_x = 0.00000000, BC_y = 0.00000000)
LBFGS Iter  2500: Loss = 0.00096520 Test Loss = 0.00098716 (Interior = 0.00000987, BC_x = 0.00000000, BC_y = 0.00000000)
LBFGS Iter  2600: Loss = 0.00091123 Test Loss = 0.00095130 (Interior = 0.00000951, BC_x = 0.00000000, BC_y = 0.00000000)
LBFGS Iter  2700: Loss = 0.00086860 Test Loss = 0.00088800 (Interior = 0.00000888, BC_x = 0.00000000, BC_y = 0.00000000)
LBFGS Iter  2800: Loss = 0.00082971 Test Loss = 0.00085627 (Interior = 0.00000856, BC_x = 0.00000000, BC_y = 0.00000000)
LBFGS Iter  2900: Loss = 0.00078992 Test Loss = 0.00081622 (Interior = 0.00000816, BC_x = 0.00000000, BC_y = 0.00000000)
LBFGS Iter  3000: Loss = 0.00075232 Test Loss = 0.00067700 (Interior = 0.00000677, BC_x = 0.00000000, BC_y = 0.00000000)
LBFGS Iter  3100: Loss = 0.00071936 Test Loss = 0.00083341 (Interior = 0.00000833, BC_x = 0.00000000, BC_y = 0.00000000)
LBFGS Iter  3200: Loss = 0.00068738 Test Loss = 0.00066977 (Interior = 0.00000670, BC_x = 0.00000000, BC_y = 0.00000000)
LBFGS Iter  3300: Loss = 0.00065822 Test Loss = 0.00056525 (Interior = 0.00000565, BC_x = 0.00000000, BC_y = 0.00000000)
LBFGS Iter  3400: Loss = 0.00063278 Test Loss = 0.00064683 (Interior = 0.00000647, BC_x = 0.00000000, BC_y = 0.00000000)
LBFGS Iter  3500: Loss = 0.00060710 Test Loss = 0.00059423 (Interior = 0.00000594, BC_x = 0.00000000, BC_y = 0.00000000)
LBFGS Iter  3600: Loss = 0.00057939 Test Loss = 0.00052108 (Interior = 0.00000521, BC_x = 0.00000000, BC_y = 0.00000000)
LBFGS Iter  3700: Loss = 0.00055783 Test Loss = 0.00046390 (Interior = 0.00000464, BC_x = 0.00000000, BC_y = 0.00000000)
LBFGS Iter  3800: Loss = 0.00053498 Test Loss = 0.00053687 (Interior = 0.00000537, BC_x = 0.00000000, BC_y = 0.00000000)
LBFGS Iter  3900: Loss = 0.00051331 Test Loss = 0.00054862 (Interior = 0.00000549, BC_x = 0.00000000, BC_y = 0.00000000)
LBFGS Iter  4000: Loss = 0.00049408 Test Loss = 0.00059354 (Interior = 0.00000594, BC_x = 0.00000000, BC_y = 0.00000000)
Run Phase 4: L-BFGS
LBFGS Iter   100: Loss = 0.00049430 Test Loss = 0.00057154 (Interior = 0.00000572, BC_x = 0.00000000, BC_y = 0.00000000)
LBFGS Iter   200: Loss = 0.00048093 Test Loss = 0.00056299 (Interior = 0.00000563, BC_x = 0.00000000, BC_y = 0.00000000)
LBFGS Iter   300: Loss = 0.00046743 Test Loss = 0.00059278 (Interior = 0.00000593, BC_x = 0.00000000, BC_y = 0.00000000)
LBFGS Iter   400: Loss = 0.00045452 Test Loss = 0.00059266 (Interior = 0.00000593, BC_x = 0.00000000, BC_y = 0.00000000)
LBFGS Iter   500: Loss = 0.00043979 Test Loss = 0.00059548 (Interior = 0.00000595, BC_x = 0.00000000, BC_y = 0.00000000)
LBFGS Iter   600: Loss = 0.00042548 Test Loss = 0.00059278 (Interior = 0.00000593, BC_x = 0.00000000, BC_y = 0.00000000)
LBFGS Iter   700: Loss = 0.00041108 Test Loss = 0.00058461 (Interior = 0.00000585, BC_x = 0.00000000, BC_y = 0.00000000)
LBFGS Iter   800: Loss = 0.00039743 Test Loss = 0.00061107 (Interior = 0.00000611, BC_x = 0.00000000, BC_y = 0.00000000)
LBFGS Iter   900: Loss = 0.00038341 Test Loss = 0.00059108 (Interior = 0.00000591, BC_x = 0.00000000, BC_y = 0.00000000)
LBFGS Iter  1000: Loss = 0.00036979 Test Loss = 0.00059736 (Interior = 0.00000597, BC_x = 0.00000000, BC_y = 0.00000000)

Final Test Losses:
Total = 0.00059489, Interior = 0.00000595, BC_x = 0.00000000, BC_y = 0.00000000
Saved model -> reproduced_models/DT_flat-top-nearfield_model.pth
Saved results/exp3_dt_nearfield_phase.png
Saved results/exp3_dt_nearfield_propagation.png

[Exp3 metrics, y=0 cross-section]
  LS rescale factor: 1.0142
  RMS error: 4.104349e-03
  Relative RMS: 5.375%
